Starting End-to-End Test Flow...

1. Logging in...
Login success.

2. Getting Workspace...
Get Workspaces failed: 307 
